// Jest Snapshot v1, https://goo.gl/fbAQLP

exports[`test my all APP component renders correctly 1`] = `null`;
